cargo :    Compiling word-doc-qa v0.1.0 (C:\Users\keitu\Chatbot)
At line:1 char:1
+ cargo build 2>&1 > build_errors.txt; cat build_errors.txt | findstr " ...
+ ~~~~~~~~~~~~~~~~~~~~~~~~~~~~~~~~~~~
    + CategoryInfo          : NotSpecified: (   Compiling wo...\keitu\Chatbot) 
   :String) [], RemoteException
    + FullyQualifiedErrorId : NativeCommandError
 
warning: unused import: `crate::data::batcher::QaBatch`
  --> src\model\transformer.rs:29:5
   |
29 | use crate::data::batcher::QaBatch;
   |     ^^^^^^^^^^^^^^^^^^^^^^^^^^^^^
   |
   = note: `#[warn(unused_imports)]` (part of `#[warn(unused)]`) on by default

warning: unused import: `record::CompactRecorder`
  --> src\train.rs:11:5
   |
11 |     record::CompactRecorder,
   |     ^^^^^^^^^^^^^^^^^^^^^^^

error[E0061]: this method takes 0 arguments but 1 argument was supplied
   --> src\model\transformer.rs:143:68
    |
143 |         let cls = encoded.slice([0..batch_size, 0..1, 
0..d_model]).squeeze(1);
    |                                                                    
^^^^^^^ - unexpected argument of type `{integer}`
    |
note: method defined here
   --> C:\Users\keitu\.cargo\registry\src\index.crates.io-1949cf8c6b5b557f\burn
-tensor-0.20.1\src\tensor\api\base.rs:750:12
    |
750 |     pub fn squeeze<const D2: usize>(self) -> Tensor<B, D2, K> {
    |            ^^^^^^^
help: remove the extra argument
    |
143 -         let cls = encoded.slice([0..batch_size, 0..1, 
0..d_model]).squeeze(1);
143 +         let cls = encoded.slice([0..batch_size, 0..1, 
0..d_model]).squeeze();
    |

error[E0599]: no method named `len` found for struct `CalendarDataset` in the 
current scope
  --> src\train.rs:85:41
   |
85 |     println!("Total items: {}", dataset.len());
   |                                         ^^^ method not found in 
`CalendarDataset`
   |
  ::: C:\Users\keitu\.cargo\registry\src\index.crates.io-1949cf8c6b5b557f\burn-
dataset-0.20.1\src\dataset\base.rs:11:8
   |
11 |     fn len(&self) -> usize;
   |        --- the method is available for `CalendarDataset` here
   |
  ::: src\data\dataset.rs:11:1
   |
11 | pub struct CalendarDataset {
   | -------------------------- method `len` not found for this struct
   |
   = help: items from traits can only be used if the trait is in scope
help: trait `Dataset` which provides `len` is implemented but not in scope; 
perhaps you want to import it
   |
 7 + use burn::data::dataloader::Dataset;
   |

error[E0599]: no method named `len` found for struct `CalendarDataset` in the 
current scope
  --> src\train.rs:88:47
   |
88 |     println!("Train: {}  Valid: {}", ds_train.len(), ds_valid.len());
   |                                               ^^^ method not found in 
`CalendarDataset`
   |
  ::: C:\Users\keitu\.cargo\registry\src\index.crates.io-1949cf8c6b5b557f\burn-
dataset-0.20.1\src\dataset\base.rs:11:8
   |
11 |     fn len(&self) -> usize;
   |        --- the method is available for `CalendarDataset` here
   |
  ::: src\data\dataset.rs:11:1
   |
11 | pub struct CalendarDataset {
   | -------------------------- method `len` not found for this struct
   |
   = help: items from traits can only be used if the trait is in scope
help: trait `Dataset` which provides `len` is implemented but not in scope; 
perhaps you want to import it
   |
 7 + use burn::data::dataloader::Dataset;
   |

error[E0599]: no method named `len` found for struct `CalendarDataset` in the 
current scope
  --> src\train.rs:88:63
   |
88 |     println!("Train: {}  Valid: {}", ds_train.len(), ds_valid.len());
   |                                                               ^^^ method 
not found in `CalendarDataset`
   |
  ::: C:\Users\keitu\.cargo\registry\src\index.crates.io-1949cf8c6b5b557f\burn-
dataset-0.20.1\src\dataset\base.rs:11:8
   |
11 |     fn len(&self) -> usize;
   |        --- the method is available for `CalendarDataset` here
   |
  ::: src\data\dataset.rs:11:1
   |
11 | pub struct CalendarDataset {
   | -------------------------- method `len` not found for this struct
   |
   = help: items from traits can only be used if the trait is in scope
help: trait `Dataset` which provides `len` is implemented but not in scope; 
perhaps you want to import it
   |
 7 + use burn::data::dataloader::Dataset;
   |

error[E0277]: `Arc<dyn DataLoader<_, QaBatch<_>>>` is not an iterator
   --> src\train.rs:128:22
    |
128 |         for batch in dl_train.clone() {
    |                      ^^^^^^^^^^^^^^^^ `Arc<dyn DataLoader<_, 
QaBatch<_>>>` is not an iterator
    |
    = help: the trait `Iterator` is not implemented for `Arc<dyn DataLoader<_, 
QaBatch<_>>>`
    = note: required for `Arc<dyn DataLoader<_, QaBatch<_>>>` to implement 
`IntoIterator`

error[E0277]: `Arc<dyn DataLoader<_, QaBatch<_>>>` is not an iterator
   --> src\train.rs:148:22
    |
148 |         for batch in dl_valid.clone() {
    |                      ^^^^^^^^^^^^^^^^ `Arc<dyn DataLoader<_, 
QaBatch<_>>>` is not an iterator
    |
    = help: the trait `Iterator` is not implemented for `Arc<dyn DataLoader<_, 
QaBatch<_>>>`
    = note: required for `Arc<dyn DataLoader<_, QaBatch<_>>>` to implement 
`IntoIterator`

error[E0599]: no method named `validation_step` found for struct 
`QaTransformer<B>` in the current scope
   --> src\train.rs:149:32
    |
149 |             let output = model.validation_step(batch);
    |                                ^^^^^^^^^^^^^^^ method not found in 
`QaTransformer<Autodiff<Fusion<CubeBackend<..., f32, i32, u32>>>>`
    |
   ::: src\model\transformer.rs:86:1
    |
 86 | pub struct QaTransformer<B: Backend> {
    | ------------------------------------ method `validation_step` not found 
for this struct
    |
    = note: the full name for the type has been written to 'C:\Users\keitu\Chat
bot\target\debug\deps\word_doc_qa-94c84dfa3b95518b.long-type-126444541249073191
32.txt'
    = note: consider using `--verbose` to print the full type name to the 
console

Some errors have detailed explanations: E0061, E0277, E0599.
For more information about an error, try `rustc --explain E0061`.
warning: `word-doc-qa` (lib) generated 2 warnings
error: could not compile `word-doc-qa` (lib) due to 7 previous errors; 2 
warnings emitted
