cargo :     Blocking waiting for file lock on artifact directory
At line:1 char:1
+ cargo build 2>&1 | Tee-Object build_output.txt | Select-String "Finis ...
+ ~~~~~~~~~~~~~~~~
    + CategoryInfo          : NotSpecified: (    Blocking wa...ifact directory 
   :String) [], RemoteException
    + FullyQualifiedErrorId : NativeCommandError
 
warning: irrefutable `if let` pattern
   --> src\data\loader.rs:141:16
    |
141 |             if let TableRowChild::TableCell(cell) = cell_child {
    |                ^^^^^^^^^^^^^^^^^^^^^^^^^^^^^^^^^^^^^^^^^^^^^^^
    |
    = note: this pattern will always match, so the `if let` is useless
    = help: consider replacing the `if let` with a `let`
    = note: `#[warn(irrefutable_let_patterns)]` on by default

warning: function `parse_day_range` is never used
  --> src\data\loader.rs:72:4
   |
72 | fn parse_day_range(s: &str) -> Option<(u32, u32)> {
   |    ^^^^^^^^^^^^^^^
   |
   = note: `#[warn(dead_code)]` (part of `#[warn(unused)]`) on by default

warning: function `parse_calendar_table_with_spans` is never used
   --> src\data\loader.rs:127:4
    |
127 | fn parse_calendar_table_with_spans(
    |    ^^^^^^^^^^^^^^^^^^^^^^^^^^^^^^^

warning: function `get_cell_grid_span` is never used
   --> src\data\loader.rs:206:4
    |
206 | fn get_cell_grid_span(_cell: &TableCell) -> Option<usize> {
    |    ^^^^^^^^^^^^^^^^^^

warning: `word-doc-qa` (lib) generated 4 warnings
warning: `word-doc-qa` (bin "word-doc-qa") generated 4 warnings (4 duplicates)
    Finished `dev` profile [unoptimized + debuginfo] target(s) in 13.41s
