cargo :     Blocking waiting for file lock on artifact directory
At line:1 char:1
+ cargo test --lib 2>&1 | Tee-Object -FilePath test_output.log | Select ...
+ ~~~~~~~~~~~~~~~~~~~~~
    + CategoryInfo          : NotSpecified: (    Blocking wa...ifact directory 
   :String) [], RemoteException
    + FullyQualifiedErrorId : NativeCommandError
 
   Compiling word-doc-qa v0.1.0 (C:\Users\keitu\Chatbot)
warning: irrefutable `if let` pattern
   --> src\data\loader.rs:141:16
    |
141 |             if let TableRowChild::TableCell(cell) = cell_child {
    |                ^^^^^^^^^^^^^^^^^^^^^^^^^^^^^^^^^^^^^^^^^^^^^^^
    |
    = note: this pattern will always match, so the `if let` is useless
    = help: consider replacing the `if let` with a `let`
    = note: `#[warn(irrefutable_let_patterns)]` on by default

warning: function `parse_day_range` is never used
  --> src\data\loader.rs:72:4
   |
72 | fn parse_day_range(s: &str) -> Option<(u32, u32)> {
   |    ^^^^^^^^^^^^^^^
   |
   = note: `#[warn(dead_code)]` (part of `#[warn(unused)]`) on by default

warning: function `parse_calendar_table_with_spans` is never used
   --> src\data\loader.rs:127:4
    |
127 | fn parse_calendar_table_with_spans(
    |    ^^^^^^^^^^^^^^^^^^^^^^^^^^^^^^^

warning: function `get_cell_grid_span` is never used
   --> src\data\loader.rs:206:4
    |
206 | fn get_cell_grid_span(_cell: &TableCell) -> Option<usize> {
    |    ^^^^^^^^^^^^^^^^^^

warning: `word-doc-qa` (lib test) generated 4 warnings
    Finished `test` profile [unoptimized + debuginfo] target(s) in 10.38s
     Running unittests src\lib.rs 
(target\debug\deps\word_doc_qa-58c6767eb90f462e.exe)

running 58 tests
test data::batcher::tests::batch_respects_max_len_cap ... ok
test data::batcher::tests::qa_item_serializes_and_deserializes ... ok
test data::batcher::tests::batch_single_item_works ... ok
test data::dataset::tests::calendar_dataset_get_out_of_bounds_returns_none ... ok
test data::batcher::tests::batch_produces_correct_shape ... ok
test data::batcher::tests::batch_pads_shorter_sequences_with_zeros ... ok
test data::dataset::tests::calendar_dataset_split_proportions ... ok
test data::batcher::tests::batch_preserves_labels ... FAILED
test data::dataset::tests::calendar_dataset_get_returns_item ... ok
test data::dataset::tests::count_query_zero_results_returns_no_events_message ... ok
test data::dataset::tests::count_hdc_meetings_2024 ... ok
test data::dataset::tests::date_query_graduation_2026 ... ok
test data::dataset::tests::calendar_dataset_len_matches_entries ... ok
test data::dataset::tests::date_query_hdc_february_2024 ... ok
test data::dataset::tests::date_query_term_end_filters_strictly ... ok
test data::dataset::tests::month_filter_finds_march_entries ... ok
test data::dataset::tests::keyword_search_no_match_returns_helpful_message ... ok
test data::dataset::tests::keyword_search_graduation_returns_results ... ok
test data::dataset::tests::multi_day_event_autumn_graduation_april ... ok
test data::dataset::tests::year_filter_isolates_2025 ... ok
test data::loader::tests::extract_month_case_insensitive ... ok
test data::dataset::tests::multi_day_event_recess_matches_any_day_in_range ... ok
test data::loader::tests::extract_month_finds_december ... ok
test data::loader::tests::extract_month_returns_none_for_non_month ... ok
test data::loader::tests::extract_month_finds_january ... ok
test data::loader::tests::parse_day_rejects_non_numeric ... ok
test data::loader::tests::parse_day_strips_noise ... ok
test data::loader::tests::parse_day_valid_numbers ... ok
test data::loader::tests::parse_day_rejects_zero_and_over_31 ... ok
test data::tokenizer::tests::is_year_rejects_out_of_range ... ok
test data::tokenizer::tests::is_year_rejects_wrong_length ... ok
test data::tokenizer::tests::match_month_case_insensitive ... ok
test data::tokenizer::tests::match_month_full_names ... ok
test data::tokenizer::tests::is_year_detects_valid_years ... ok
test data::tokenizer::tests::is_year_rejects_non_numeric ... ok
test data::tokenizer::tests::match_month_prefix_at_least_3_chars ... ok
test data::tokenizer::tests::match_month_rejects_non_month ... ok
test data::tokenizer::tests::tokenize_ignores_extra_whitespace ... ok
test data::tokenizer::tests::tokenize_empty_string_returns_empty ... ok
test data::tokenizer::tests::tokenize_basic_splits_on_whitespace ... ok
test data::tokenizer::tests::match_month_rejects_short_prefix ... ok
test data::tokenizer::tests::tokenize_lowercases_input ... ok
test data::tokenizer::tests::tokenize_strips_punctuation ... ok
test model::transformer::tests::forward_batch_size_1_works ... FAILED
test model::transformer::tests::forward_classification_logit_shape ... ok
test model::transformer::tests::config_default_values ... ok
test model::transformer::tests::config_with_builder_overrides ... ok
test model::transformer::tests::model_initialises_without_panic ... ok
test model::transformer::tests::forward_classification_returns_finite_loss ... ok
test model::transformer::tests::forward_output_shape_is_correct ... ok
test data::loader::tests::load_calendar_2024_returns_entries ... ok
test data::loader::tests::load_calendar_entries_have_valid_years ... ok
test data::loader::tests::load_calendar_entries_have_valid_months ... ok
test data::loader::tests::load_calendar_days_in_valid_range ... ok
test data::loader::tests::load_calendar_entries_have_non_empty_text ... ok
test data::loader::tests::load_calendar_2025_contains_autumn_graduation ... ok
test data::loader::tests::load_all_calendars_loads_all_three_files ... ok
test data::loader::tests::load_all_calendars_finds_hdc_meetings_2024 ... ok

failures:

---- data::batcher::tests::batch_preserves_labels stdout ----

thread 'data::batcher::tests::batch_preserves_labels' (2968) panicked at src\data\batcher.rs:166:14:
called `Result::unwrap()` on an `Err` value: TypeMismatch("Invalid target element type (expected I64, got I32)")
note: run with `RUST_BACKTRACE=1` environment variable to display a backtrace

---- model::transformer::tests::forward_batch_size_1_works stdout ----

thread 'model::transformer::tests::forward_batch_size_1_works' (5288) panicked at C:\Users\keitu\.cargo\registry\src\index.crates.io-1949cf8c6b5b557f\burn-tensor-0.20.1\src\tensor\api\base.rs:757:9:
=== Tensor Operation Error ===
  Operation: 'Squeeze'
  Reason:
    1. Resulting dimensions 1 do not match the required D2 size 2. 



failures:
    data::batcher::tests::batch_preserves_labels
    model::transformer::tests::forward_batch_size_1_works

test result: FAILED. 56 passed; 2 failed; 0 ignored; 0 measured; 0 filtered out; finished in 5.36s

error: test failed, to rerun pass `--lib`
